$ cd legacy && HUSKY=0 pnpm run build
started_at=2026-08-30T16:53:36+08:00
Already up to date
Done in 586ms using pnpm v11.21.0
$ vite build
vite v6.4.2 building for production...
transforming...
[plugin vite:resolve] Module "fs" has been externalized for browser compatibility, imported by "/home/pax/Project/github/douyin/legacy/node_modules/.pnpm/libarchive-wasm@1.1.0/node_modules/libarchive-wasm/dist/libarchive.js". See https://vite.dev/guide/troubleshooting.html#module-externalized-for-browser-compatibility for more details.
[plugin vite:resolve] Module "path" has been externalized for browser compatibility, imported by "/home/pax/Project/github/douyin/legacy/node_modules/.pnpm/libarchive-wasm@1.1.0/node_modules/libarchive-wasm/dist/libarchive.js". See https://vite.dev/guide/troubleshooting.html#module-externalized-for-browser-compatibility for more details.
[plugin vite:resolve] Module "crypto" has been externalized for browser compatibility, imported by "/home/pax/Project/github/douyin/legacy/node_modules/.pnpm/libarchive-wasm@1.1.0/node_modules/libarchive-wasm/dist/libarchive.js". See https://vite.dev/guide/troubleshooting.html#module-externalized-for-browser-compatibility for more details.
✓ 715 modules transformed.
rendering chunks...
computing gzip size...
dist/assets/more-Bo3LgdtU.png                  2.08 kB
dist/assets/toqq-b8LKxwoo.webp                 2.10 kB
dist/assets/more-dark-sQnsAFtg.png             2.10 kB
dist/assets/rss-C9ZTVdlw.png                   2.10 kB
dist/assets/qr-code-white-C_nZXAG1.svg         2.13 kB │ gzip:   0.90 kB
dist/assets/pause-white-C1rrPnD3.png           2.18 kB
dist/assets/next-CVJzeGZ9.png                  2.19 kB
dist/assets/20-BF-0hNcA.png                    2.19 kB
dist/assets/display1-C_wghhWm.webp             2.25 kB
dist/assets/previous-BoMkGrXj.png              2.30 kB
dist/assets/rss2-C0L5n4Am.png                  2.30 kB
dist/assets/record-CWR1ozP0.png                2.47 kB
dist/index.html                                2.53 kB │ gzip:   0.99 kB
dist/assets/play-white-PTLii1wb.png            2.54 kB
dist/assets/wechat-round-CWhN197Q.png          2.58 kB
dist/assets/danmu-close-CT3ZwKzF.svg           2.58 kB │ gzip:   1.06 kB
dist/assets/danmu-open-BiYZ9AmQ.svg            2.64 kB │ gzip:   1.07 kB
dist/assets/write-CvPlw3nP.png                 2.65 kB
dist/assets/msg-icon5-CT2-p36i.webp            2.66 kB
dist/assets/switch-D7_XRDUc.png                2.69 kB
dist/assets/towechatchat-B40NGJ6R.webp         2.70 kB
dist/assets/arrow-up-white-DH3XE5gc.png        2.82 kB
dist/assets/add-light-EEcfxPgo.png             2.84 kB
dist/assets/logout-B2hvvK1V.png                2.89 kB
dist/assets/book-DXWYYDdl.png                  2.93 kB
dist/assets/video-BWsCACDS.png                 2.94 kB
dist/assets/light-close-D4hDwAMn.png           3.03 kB
dist/assets/sd-card-CqzvtVYa.png               3.15 kB
dist/assets/bookmark-DJw8lywj.png              3.21 kB
dist/assets/to-top-yellow-62nwc5uZ.png         3.21 kB
dist/assets/toutiao-SxTb1AK8.png               3.26 kB
dist/assets/workbench-CYNJBYIM.png             3.32 kB
dist/assets/delete-BrXEzdJW.png                3.34 kB
dist/assets/comment-RG10Z0wo.png               3.37 kB
dist/assets/3-DiR1qHt5.jpg                     3.38 kB
dist/assets/dark-close-T9d3uOha.png            3.44 kB
dist/assets/copy-pi37Rj7h.png                  3.49 kB
dist/assets/copy-fpjlSYEr.png                  3.50 kB
dist/assets/wallet-Br8Wsxj3.png                3.56 kB
dist/assets/none-bg1-B8JYJE9J.webp             3.60 kB
dist/assets/dynamics-BSkP3Laz.png              3.64 kB
dist/assets/qqzone-white-ag9P81O9.png          3.75 kB
dist/assets/download-B7tDuZsb.png              3.76 kB
dist/assets/18-C60ghDhY.jpg                    3.78 kB
dist/assets/comment-gray-BrhdeODy.png          3.79 kB
dist/assets/menu2-white-S-Oxudh8.png           3.82 kB
dist/assets/menu-thin-DEFhbsl7.png             3.88 kB
dist/assets/gray-close-D5gy2RcR.png            3.92 kB
dist/assets/followed-BZFh5waZ.webp             3.96 kB
dist/assets/love-3AFsiMYX.webp                 3.97 kB
dist/assets/call-yKG2F7zM.png                  3.98 kB
dist/assets/able-camera-Dix4M-DS.png           4.10 kB
dist/assets/del-58H18OsV.png                   4.15 kB
dist/assets/shop-DMjkIVsr.png                  4.18 kB
dist/assets/toutiao-round-D4rFcfxl.png         4.18 kB
dist/assets/wechat-white-CtutMcUU.webp         4.23 kB
dist/assets/camera-light-DDzsWauN.png          4.23 kB
dist/assets/pinlv-9ZnkCpR7.gif                 4.32 kB
dist/assets/done-gray-C7heZRqe.png             4.35 kB
dist/assets/2-Db579X3e.jpg                     4.39 kB
dist/assets/9-DKOQnEHT.jpg                     4.41 kB
dist/assets/music-list-EViB3J2L.png            4.47 kB
dist/assets/qrcode-gray-Be9sOrEH.png           4.51 kB
dist/assets/11-B5gau2r6.jpg                    4.53 kB
dist/assets/add-jAJ-Mhic.png                   4.59 kB
dist/assets/return-C3xrKDna.png                4.76 kB
dist/assets/report-BaDrhgMv.png                4.77 kB
dist/assets/scan-gray-CRZ3D0ff.png             4.79 kB
dist/assets/lock-gray-CbxWg5Ya.png             4.84 kB
dist/assets/remind-D5Lvs1dL.png                4.93 kB
dist/assets/share-white-full-C5jHBEA5.png      4.99 kB
dist/assets/address-book-WLt6DG2F.png          5.04 kB
dist/assets/bytedance-mini-app-Cfi3-SJO.png    5.08 kB
dist/assets/4-Bx-cSNLK.jpg                     5.11 kB
dist/assets/15-CXZCqXSQ.jpg                    5.15 kB
dist/assets/shopping-BFAmZZX3.png              5.31 kB
dist/assets/reduce-CpqxXWly.png                5.36 kB
dist/assets/play-normal-COLF6Ozh.png           5.40 kB
dist/assets/12-CP8aD_jk.jpg                    5.47 kB
dist/assets/music3-Bj5ca6yn.png                5.57 kB
dist/assets/narrow-tcmPzRkX.png                5.60 kB
dist/assets/personal-privacy-QAEFmK59.png      5.66 kB
dist/assets/call-float-DfT7EWE5.png            5.74 kB
dist/assets/search-light-Bn7oS586.png          5.81 kB
dist/assets/refresh1--DA7S8S8.png              6.05 kB
dist/assets/pause-qTJfl87z.png                 6.11 kB
dist/assets/loop-C85W00fl.png                  6.17 kB
dist/assets/torichang-B57aPF9Q.png             6.19 kB
dist/assets/user-CjvJ2vw3.png                  6.20 kB
dist/assets/1-B2qwjxda.jpg                     6.26 kB
dist/assets/qq-white-BYNc81_m.webp             6.30 kB
dist/assets/close-CL1Uh77N.png                 6.33 kB
dist/assets/remove-BZUQVBAT.png                6.38 kB
dist/assets/share-my9XO44_.png                 6.40 kB
dist/assets/time-white-DgrGXXHW.png            6.44 kB
dist/assets/disabled-camera-DCX5b1En.png       6.47 kB
dist/assets/ring-CbdNMIYz.png                  6.48 kB
dist/assets/2-CMbrWdS-.webp                    6.50 kB
dist/assets/refresh-gray-ClJixrgb.png          6.50 kB
dist/assets/round-gray-CCJKEQe9.png            6.50 kB
dist/assets/write-gray-B929qDWL.png            6.53 kB
dist/assets/headset-Zx6YsL0s.png               6.54 kB
dist/assets/play-DeT8Yb_y.png                  6.56 kB
dist/assets/call-end-CZlRf8ZV.png              6.58 kB
dist/assets/redpack-C2i9atT0.png               6.60 kB
dist/assets/setting-one-CCirUBhU.png           6.72 kB
dist/assets/star-yellow-C3wyXnY_.png           6.78 kB
dist/assets/send-QcNfHS_1.png                  6.78 kB
dist/assets/float-play-Bfk8sx2S.png            6.79 kB
dist/assets/sun-one-Cqf0f_ID.png               6.88 kB
dist/assets/warring-BiI9cVFK.png               6.89 kB
dist/assets/float-pause-one-B4VssGjs.png       6.89 kB
dist/assets/loading-white-ycjWLQhV.png         6.91 kB
dist/assets/private-chat-BDVxIBpE.png          6.98 kB
dist/assets/voice-_2cxRP4g.png                 7.05 kB
dist/assets/share-white-CkxBvtDz.png           7.08 kB
dist/assets/1-BfoVtx8H.webp                    7.17 kB
dist/assets/like-VddcLG_D.png                  7.18 kB
dist/assets/protect-DNImWLza.png               7.22 kB
dist/assets/clock-Cp2J6QHR.png                 7.24 kB
dist/assets/like-gray-BZzJpcoe.png             7.29 kB
dist/assets/16-3OR16OKq.jpg                    7.30 kB
dist/assets/star-white-Dhrqey68.png            7.34 kB
dist/assets/msg-icon4-vDykjBaw.png             7.52 kB
dist/assets/gray-close-full-DkIbCV8j.png       7.54 kB
dist/assets/17-DI7FnnlK.jpg                    7.55 kB
dist/assets/voice-white-9-XDcXvn.png           7.57 kB
dist/assets/share-password-CWYF7dbM.webp       7.58 kB
dist/assets/able-volume-Bag13Z_f.png           7.58 kB
dist/assets/adddddddd-B2VOVBa0.png             7.65 kB
dist/assets/light-back-DL6bi2rk.png            7.81 kB
dist/assets/4-Bth7xBtO.png                     7.88 kB
dist/assets/add-white-CQV1VkOp.png             7.96 kB
dist/assets/10-Blhm8lgt.png                    8.05 kB
dist/assets/peoples-black2-DovHJYJf.png        8.12 kB
dist/assets/water-Cq3Nzf11.png                 8.12 kB
dist/assets/msg-icon1-DJyp8a5e.png             8.13 kB
dist/assets/6-BEjtsDrB.jpg                     8.13 kB
dist/assets/19-o5iDqnlP.png                    8.15 kB
dist/assets/dislike-DmpeIsb8.png               8.16 kB
dist/assets/check-red-Cd_5M9ie.png             8.21 kB
dist/assets/add-user-yO6X65o5.png              8.25 kB
dist/assets/emoji-white-CWmfDJJv.png           8.33 kB
dist/assets/close-full-gray-DqY-169c.png       8.53 kB
dist/assets/hot-CUPsR9NI.png                   8.58 kB
dist/assets/10-C31JqSQ8.jpg                    8.60 kB
dist/assets/setting-BQOxwgbp.png               8.61 kB
dist/assets/14-BGdr9kCQ.jpg                    8.67 kB
dist/assets/comeonplay-CBgj5st0.png            8.68 kB
dist/assets/msg-icon2-Bn3qfJvM.png             8.68 kB
dist/assets/up-D7v8_HVY.png                    8.85 kB
dist/assets/15-UOUFsCr7.png                    8.96 kB
dist/assets/keyboard-QZoxHCs9.png              8.98 kB
dist/assets/17-CaODV7Zj.png                    9.03 kB
dist/assets/setting-two-NAk1L-QL.png           9.06 kB
dist/assets/forbid-CuXzKTbh.png                9.09 kB
dist/assets/6-BVSjhc3O.png                     9.16 kB
dist/assets/gray-close-full2-CADwN3rx.png      9.50 kB
dist/assets/hot-gray-CvISzO1h.png              9.87 kB
dist/assets/dark-back-Bl5Q2UCN.png             9.92 kB
dist/assets/disabled-volume-cRYBqFRy.png       9.92 kB
dist/assets/9-D9sQQ2wH.png                     9.98 kB
dist/assets/gray-back-D1sFSQec.png            10.00 kB
dist/assets/8-BPvsomB9.jpg                    10.67 kB
dist/assets/head-image-C49-3ahF.jpeg          10.88 kB
dist/assets/16-P9UU56wt.png                   10.89 kB
dist/assets/18-B1BHsmp3.png                   11.08 kB
dist/assets/11-Ckfe3bFJ.png                   11.19 kB
dist/assets/check-gray-BQ1qOG8x.png           11.29 kB
dist/assets/emoji-black-jo1uFjky.png          11.49 kB
dist/assets/14-B48u_Fz3.png                   12.04 kB
dist/assets/5-DWyY12-8.png                    12.25 kB
dist/assets/26-D4xua0cq.png                   13.15 kB
dist/assets/check-red-share-CbKqD1h3.png      13.35 kB
dist/assets/12-rrjFLbXW.png                   13.40 kB
dist/assets/4-DCkoM17c.jpg                    13.65 kB
dist/assets/2-BN5PI5K_.png                    13.71 kB
dist/assets/25-BpMlL2TV.png                   14.07 kB
dist/assets/7-D4XYyVtS.png                    14.09 kB
dist/assets/0-DZZhXKhG.png                    14.14 kB
dist/assets/5-CjaAn3RD.jpg                    14.85 kB
dist/assets/8-iptKbolh.png                    15.16 kB
dist/assets/13-DuB9LKef.png                   15.21 kB
dist/assets/wechatzone-white-DH24vF4n.webp    15.44 kB
dist/assets/webo-white-DI9BefJC.webp          15.49 kB
dist/assets/feedback-CAkiAQnJ.webp            15.93 kB
dist/assets/comeonlook-ko-wNrnF.webp          16.05 kB
dist/assets/guide-Dg5ST9h-.png                16.26 kB
dist/assets/bizhi-D939yTsF.webp               16.62 kB
dist/assets/3-CI9vl2P3.png                    17.16 kB
dist/assets/gray-close-full3-fA2Sk663.png     17.78 kB
dist/assets/no-result-3b39DU2p.png            18.06 kB
dist/assets/dou-BVYMo1lg.webp                 19.12 kB
dist/assets/tozone-B1zUONsP.webp              19.45 kB
dist/assets/qq-round-BbpLH4zM.webp            23.78 kB
dist/assets/weibo-round-DllOLTIK.webp         25.64 kB
dist/assets/7-CSyLQC03.jpg                    26.63 kB
dist/assets/douyin-code-eeWMfpEo.jpg          31.82 kB
dist/assets/star-bg-BZgEjd2V.png              34.04 kB
dist/assets/money-detail-bg-DPUwFlp3.png      34.51 kB
dist/assets/1-DnPioQn1.jpg                    37.44 kB
dist/assets/3-dILWj01a.jpg                    39.63 kB
dist/assets/music-rank-list-B3OBO3qc.webp     50.12 kB
dist/assets/baiyibutie-B3QLXIi4.png           58.97 kB
dist/assets/header-bg-CJSRGBOX.png            76.54 kB
dist/assets/qingshaonian-Cjy-fMTM.png         77.90 kB
dist/assets/3-BUbx6r6H.png                    78.10 kB
dist/assets/bg-close-fY7FWjOB.png             79.98 kB
dist/assets/bg-open-CHXDQIZz.png              84.56 kB
dist/assets/code-bg-D9skOJ9I.png              96.95 kB
dist/assets/img-type3-TUUXfOQ_.png           185.78 kB
dist/assets/MoreSearch-CQpf0AI2.css            0.18 kB │ gzip:   0.16 kB
dist/assets/NoticeSetting-Dyj2O7Br.css         0.40 kB │ gzip:   0.22 kB
dist/assets/RedPacketDetail-K_wFC9lZ.css       0.95 kB │ gzip:   0.37 kB
dist/assets/Visitors-Da0fkxNw.css              2.90 kB │ gzip:   0.76 kB
dist/assets/MusicCollect-BKMGBA3U.css          3.42 kB │ gzip:   0.66 kB
dist/assets/DisplayType-Dhi7aMEk.css           9.48 kB │ gzip:   2.02 kB
dist/assets/TriggerTime-ghPFfXjZ.css           9.48 kB │ gzip:   2.02 kB
dist/assets/Index-D4lJL3d3.css                 9.50 kB │ gzip:   2.01 kB
dist/assets/FaceToFace-B5fj5MRA.css            9.51 kB │ gzip:   2.02 kB
dist/assets/AddSchool-L9Wb3mVs.css             9.59 kB │ gzip:   2.03 kB
dist/assets/Help-bGrj2XUa.css                  9.63 kB │ gzip:   2.05 kB
dist/assets/VideoCollect-BbiBdEVU.css          9.65 kB │ gzip:   2.06 kB
dist/assets/ChooseProvince-Dqfh_noa.css        9.68 kB │ gzip:   2.06 kB
dist/assets/ChooseLocation-CdUOCDjG.css        9.71 kB │ gzip:   2.06 kB
dist/assets/Tooltip-B2E7hRwv.css               9.79 kB │ gzip:   2.10 kB
dist/assets/Report-BPgkJeaG.css                9.80 kB │ gzip:   2.07 kB
dist/assets/ChooseDepartment-BM9s1OaF.css      9.81 kB │ gzip:   2.06 kB
dist/assets/Setting-DHxsNSAv.css               9.85 kB │ gzip:   2.08 kB
dist/assets/MyRequestUpdate-D2G-VgE_.css      10.00 kB │ gzip:   2.08 kB
dist/assets/LookHistory-DJr_kWBv.css          10.03 kB │ gzip:   2.12 kB
dist/assets/DetailSetting-dlgsqeQx.css        10.05 kB │ gzip:   2.11 kB
dist/assets/AddressList-DrpjWLt6.css          10.11 kB │ gzip:   2.10 kB
dist/assets/JoinedGroupChat-BTN-Aapb.css      10.15 kB │ gzip:   2.12 kB
dist/assets/ChooseCity-D-1EvaNj.css           10.24 kB │ gzip:   2.10 kB
dist/assets/SetRemark-2iVyUVih.css            10.24 kB │ gzip:   2.15 kB
dist/assets/ChatDetail-CWjZzhdV.css           10.26 kB │ gzip:   2.14 kB
dist/assets/Scan-DlDo5MOM.css                 10.28 kB │ gzip:   2.16 kB
dist/assets/LoginInput-C30wLNPg.css           10.53 kB │ gzip:   2.22 kB
dist/assets/ChooseSchool-CslhTFO3.css         10.54 kB │ gzip:   2.18 kB
dist/assets/DeclareSchool-D8ERF-Oe.css        10.65 kB │ gzip:   2.19 kB
dist/assets/Login-CbkfJfyW.css                10.69 kB │ gzip:   2.25 kB
dist/assets/countryChoose-jKF5r7c2.css        10.77 kB │ gzip:   2.27 kB
dist/assets/MyCard-BdS8sKCA.css               10.81 kB │ gzip:   2.25 kB
dist/assets/PasswordLogin-AB3mzYSh.css        11.19 kB │ gzip:   2.29 kB
dist/assets/RetrievePassword-CeV1i8N7.css     11.22 kB │ gzip:   2.29 kB
dist/assets/VerificationCode-BjSVPM8V.css     11.34 kB │ gzip:   2.31 kB
dist/assets/SubmitReport-87BI0viE.css         11.36 kB │ gzip:   2.37 kB
dist/assets/OtherLogin-DUoBLLE6.css           11.67 kB │ gzip:   2.38 kB
dist/assets/Share2Friend-BddovdwN.css         13.63 kB │ gzip:   2.70 kB
dist/assets/Chat-BnHSCRUF.css                 28.60 kB │ gzip:   4.37 kB
dist/assets/index-B92nL_wr.css                65.10 kB │ gzip:   8.55 kB
dist/assets/common-Cb6fFq6i.css              136.93 kB │ gzip:  14.50 kB
dist/assets/other-CJsH0pfG.css               377.40 kB │ gzip:  37.00 kB
dist/js/toutiao-round-BMXZPdFB.js              0.10 kB │ gzip:   0.11 kB
dist/js/Base-BkRnk7Bb.js                       0.38 kB │ gzip:   0.25 kB
dist/js/Tooltip-C5kuqEO5.js                    0.63 kB │ gzip:   0.45 kB
dist/js/FaceToFace-Bmi79GMa.js                 0.66 kB │ gzip:   0.44 kB
dist/js/Help-z9MIjgxl.js                       0.73 kB │ gzip:   0.47 kB
dist/js/lock-Be6elCLs.js                       0.86 kB │ gzip:   0.71 kB
dist/js/MoreSearch-DmUqQR8K.js                 1.10 kB │ gzip:   0.63 kB
dist/js/AddressList-mazGdK16.js                1.15 kB │ gzip:   0.66 kB
dist/js/Scan-CTnBFm56.js                       1.17 kB │ gzip:   0.61 kB
dist/js/MyRequestUpdate-W9xolZmP.js            1.22 kB │ gzip:   0.61 kB
dist/js/VideoCollect-CsRo1Hyf.js               1.24 kB │ gzip:   0.68 kB
dist/js/ChooseDepartment-DjG2Jnrq.js           1.25 kB │ gzip:   0.71 kB
dist/js/ChooseCity-D0szwJDg.js                 1.32 kB │ gzip:   0.83 kB
dist/js/ChooseProvince-Bo2edUqq.js             1.39 kB │ gzip:   0.83 kB
dist/js/RedPacketDetail-B09Lln-a.js            1.49 kB │ gzip:   0.84 kB
dist/js/SetRemark-BQfT9xqK.js                  1.65 kB │ gzip:   0.89 kB
dist/js/Index-Cc32LVTr.js                      1.65 kB │ gzip:   0.67 kB
dist/js/location-DdOy27Nh.js                   1.66 kB │ gzip:   0.78 kB
dist/js/DisplayType-Cdd7ZAW0.js                2.00 kB │ gzip:   0.77 kB
dist/js/JoinedGroupChat-BWjeGFSG.js            2.15 kB │ gzip:   1.06 kB
dist/js/TriggerTime-CqKL4-Pl.js                2.37 kB │ gzip:   0.77 kB
dist/js/VerificationCode-Dn1L5HQQ.js           2.60 kB │ gzip:   1.35 kB
dist/js/DeclareSchool-yFep-O3n.js              3.03 kB │ gzip:   1.69 kB
dist/js/PasswordLogin-UV3csCzB.js              3.28 kB │ gzip:   1.44 kB
dist/js/LoginInput-JehxIe8P.js                 3.60 kB │ gzip:   1.13 kB
dist/js/LookHistory-BIeXLyLc.js                3.64 kB │ gzip:   1.42 kB
dist/js/ChatDetail-D_YGFk8r.js                 3.67 kB │ gzip:   1.51 kB
dist/js/ChooseSchool-B6vi-Ky1.js               3.85 kB │ gzip:   1.50 kB
dist/js/RetrievePassword-D2fPkt4k.js           4.11 kB │ gzip:   1.90 kB
dist/js/MyCard-kzZ-lDmM.js                     4.38 kB │ gzip:   2.25 kB
dist/js/Login-lvwYq10c.js                      4.47 kB │ gzip:   1.76 kB
dist/js/MusicCollect-BJwQ4lNk.js               4.48 kB │ gzip:   1.54 kB
dist/js/SubmitReport-CTcFXKnF.js               4.50 kB │ gzip:   2.45 kB
dist/js/AddSchool-C1P13isY.js                  4.57 kB │ gzip:   1.62 kB
dist/js/DetailSetting-CXKYGeZ_.js              4.73 kB │ gzip:   2.32 kB
dist/js/NoticeSetting-CI4deCgI.js              5.08 kB │ gzip:   1.33 kB
dist/js/Visitors-HLBPu1Wd.js                   6.35 kB │ gzip:   3.57 kB
dist/js/Report-BTp-BRuO.js                     7.05 kB │ gzip:   1.48 kB
dist/js/Setting-O87gE_8-.js                    9.36 kB │ gzip:   3.13 kB
dist/js/OtherLogin-BuskatmV.js                10.81 kB │ gzip:   6.60 kB
dist/js/Share2Friend-BcIJiVEw.js              11.42 kB │ gzip:   3.20 kB
dist/js/ChooseLocation-DLiYS5HL.js            12.08 kB │ gzip:   3.93 kB
dist/js/countryChoose-DhV8jm9u.js             25.80 kB │ gzip:   5.14 kB
dist/js/Chat-DFqalOYs.js                      27.47 kB │ gzip:  10.73 kB
dist/js/common-D01Iy6bc.js                   141.30 kB │ gzip:  47.36 kB
dist/js/index-DkOorg5K.js                    142.00 kB │ gzip:  38.98 kB
dist/js/vendor-D50SlYoz.js                   186.28 kB │ gzip:  65.73 kB
dist/js/other-DSM4D2--.js                    317.15 kB │ gzip: 102.94 kB
✓ built in 13.87s
exit_code=0
finished_at=2026-08-30T16:53:53+08:00
