$ cd legacy && HUSKY=0 pnpm run type-check
started_at=2026-08-30T16:53:13+08:00
Already up to date
Done in 569ms using pnpm v11.21.0
$ vue-tsc --build --force
src/config/index.ts(20,23): error TS2591: Cannot find name 'process'. Do you need to install type definitions for node? Try `npm i --save-dev @types/node` and then add 'node' to the types field in your tsconfig.
src/components/BaseMusic.vue(41,48): error TS2551: Property 'value' does not exist on type 'boolean'. Did you mean 'valueOf'?
src/utils/index.tsx(261,11): error TS2322: Type '(e: any) => void' is not assignable to type '() => any'.
  Target signature provides too few arguments. Expected 1 or more, but got 0.
src/utils/index.tsx(266,11): error TS2322: Type '(e: any) => void' is not assignable to type '() => any'.
  Target signature provides too few arguments. Expected 1 or more, but got 0.
src/utils/index.tsx(306,11): error TS2322: Type '(e: any) => void' is not assignable to type '() => any'.
  Target signature provides too few arguments. Expected 1 or more, but got 0.
src/utils/index.tsx(314,11): error TS2322: Type '(e: any) => void' is not assignable to type '() => any'.
  Target signature provides too few arguments. Expected 1 or more, but got 0.
src/utils/index.tsx(341,11): error TS2322: Type '(e: any) => void' is not assignable to type '() => any'.
  Target signature provides too few arguments. Expected 1 or more, but got 0.
src/store/pinia.ts(59,19): error TS2339: Property 'friends' does not exist on type '{ selectFriends(): any; }'.
src/components/Comment.vue(282,41): error TS2339: Property 'ip_location' does not exist on type '{ nickname: string; desc: string; user_age: string; signature: string; unique_id: string; province: string; city: string; gender: string; school: { name: string; department: any; joinTime: any; education: any; displayType: number; }; avatar_168x168: { ...; }; avatar_300x300: { ...; }; cover_url: { ...; }[]; white_co...'.
src/components/Comment.vue(286,40): error TS2339: Property 'uid' does not exist on type '{ nickname: string; desc: string; user_age: string; signature: string; unique_id: string; province: string; city: string; gender: string; school: { name: string; department: any; joinTime: any; education: any; displayType: number; }; avatar_168x168: { ...; }; avatar_300x300: { ...; }; cover_url: { ...; }[]; white_co...'.
src/components/Comment.vue(287,45): error TS2339: Property 'short_id' does not exist on type '{ nickname: string; desc: string; user_age: string; signature: string; unique_id: string; province: string; city: string; gender: string; school: { name: string; department: any; joinTime: any; education: any; displayType: number; }; avatar_168x168: { ...; }; avatar_300x300: { ...; }; cover_url: { ...; }[]; white_co...'.
src/pages/shop/Shop.vue(88,74): error TS2339: Property 'cover' does not exist on type 'unknown'.
src/pages/shop/Shop.vue(91,29): error TS2339: Property 'name' does not exist on type 'unknown'.
src/pages/shop/Shop.vue(93,53): error TS2339: Property 'discount' does not exist on type 'unknown'.
src/pages/shop/Shop.vue(94,29): error TS2339: Property 'discount' does not exist on type 'unknown'.
src/pages/shop/Shop.vue(99,48): error TS2339: Property 'price' does not exist on type 'unknown'.
src/pages/shop/Shop.vue(101,48): error TS2339: Property 'sold' does not exist on type 'unknown'.
src/pages/shop/Shop.vue(103,47): error TS2339: Property 'isLowPrice' does not exist on type 'unknown'.
src/pages/shop/GoodsDetail.vue(301,78): error TS2339: Property 'cover' does not exist on type 'unknown'.
src/pages/shop/GoodsDetail.vue(304,33): error TS2339: Property 'name' does not exist on type 'unknown'.
src/pages/shop/GoodsDetail.vue(306,57): error TS2339: Property 'discount' does not exist on type 'unknown'.
src/pages/shop/GoodsDetail.vue(307,33): error TS2339: Property 'discount' does not exist on type 'unknown'.
src/pages/shop/GoodsDetail.vue(312,52): error TS2339: Property 'price' does not exist on type 'unknown'.
src/pages/shop/GoodsDetail.vue(314,52): error TS2339: Property 'sold' does not exist on type 'unknown'.
src/pages/shop/GoodsDetail.vue(316,51): error TS2339: Property 'isLowPrice' does not exist on type 'unknown'.
src/pages/me/userinfo/EditUserInfoItem.vue(109,5): error TS2554: Expected 5 arguments, but got 3.
src/pages/me/userinfo/AddSchool.vue(159,5): error TS2554: Expected 5 arguments, but got 3.
src/pages/me/rightMenu/LookHistory.vue(125,3): error TS2554: Expected 8 arguments, but got 4.
src/pages/me/rightMenu/Setting.vue(182,31): error TS2304: Cannot find name 'LATEST_COMMIT_HASH'.
src/pages/message/JoinedGroupChat.vue(87,41): error TS2339: Property 'sort' does not exist on type '{}'.
src/pages/message/JoinedGroupChat.vue(27,43): error TS2339: Property 'select' does not exist on type 'never'.
src/pages/message/JoinedGroupChat.vue(28,40): error TS2339: Property 'avatar' does not exist on type 'never'.
src/pages/message/JoinedGroupChat.vue(31,20): error TS2339: Property 'name' does not exist on type 'never'.
src/pages/message/JoinedGroupChat.vue(31,44): error TS2339: Property 'name' does not exist on type 'never'.
src/pages/message/JoinedGroupChat.vue(31,78): error TS2339: Property 'name' does not exist on type 'never'.
src/pages/message/notice/TaskNotice.vue(33,54): error TS2339: Property 'read' does not exist on type '{ type: number; title: string; detail: string; time: string; content: string; }'.
src/pages/message/notice/MoneyNotice.vue(17,77): error TS2339: Property '_no' does not exist on type 'CreateComponentPublicInstanceWithMixins<ToResolvedProps<{}, {}>, { FromBottomDialog: __VLS_WithTemplateSlots<DefineComponent<Props, {}, {}, {}, {}, ComponentOptionsMixin, ComponentOptionsMixin, ... 12 more ..., any>, { ...; }>; Scroll: DefineComponent<...>; nav: (path: any, query?: {}, data?: any) => void; data: { ....'.
src/pages/message/notice/NoticeSetting.vue(111,3): error TS2322: Type 'string | string[]' is not assignable to type 'string'.
  Type 'string[]' is not assignable to type 'string'.
src/pages/message/chat/ChatDetail.vue(109,3): error TS2554: Expected 8 arguments, but got 7.
src/pages/message/SetRemark.vue(53,5): error TS2554: Expected 5 arguments, but got 3.
src/pages/me/RequestUpdate.vue(44,57): error TS2339: Property '_no' does not exist on type 'CreateComponentPublicInstanceWithMixins<ToResolvedProps<{}, {}>, { FromBottomDialog: __VLS_WithTemplateSlots<DefineComponent<Props, {}, {}, {}, {}, ComponentOptionsMixin, ComponentOptionsMixin, ... 12 more ..., any>, { ...; }>; ... 5 more ...; toggleRequestUpdate: () => void; }, ... 23 more ..., {}>'.
src/pages/home/SubmitReport.vue(73,3): error TS2322: Type 'string | string[]' is not assignable to type 'string'.
  Type 'string[]' is not assignable to type 'string'.
src/pages/home/SubmitReport.vue(74,3): error TS2322: Type 'string | string[]' is not assignable to type 'string'.
  Type 'string[]' is not assignable to type 'string'.
src/pages/message/Share2Friend.vue(213,39): error TS2339: Property 'innerText' does not exist on type 'Element'.
src/pages/message/Share2Friend.vue(213,54): error TS2339: Property 'offsetTop' does not exist on type 'Element'.
src/pages/message/Share2Friend.vue(219,24): error TS2339: Property 'offsetTop' does not exist on type 'Element'.
src/pages/message/Share2Friend.vue(222,19): error TS2339: Property 'touches' does not exist on type 'Event'.
src/pages/message/Share2Friend.vue(226,39): error TS2339: Property 'touches' does not exist on type 'Event'.
src/pages/message/Share2Friend.vue(229,19): error TS2339: Property 'touches' does not exist on type 'Event'.
src/pages/message/Share2Friend.vue(230,39): error TS2339: Property 'touches' does not exist on type 'Event'.
src/pages/message/Share2Friend.vue(243,10): error TS2339: Property 'style' does not exist on type 'Element'.
src/pages/message/Share2Friend.vue(245,25): error TS2339: Property 'style' does not exist on type 'Element'.
src/pages/message/Share2Friend.vue(246,54): error TS2339: Property 'innerText' does not exist on type 'Element'.
src/pages/message/Share2Friend.vue(323,41): error TS2339: Property 'sort' does not exist on type '{}'.
src/pages/message/Share2Friend.vue(328,22): error TS2339: Property 'map' does not exist on type '{}'.
src/pages/message/Share2Friend.vue(348,61): error TS2339: Property 'offsetTop' does not exist on type 'Element'.
src/pages/message/Share2Friend.vue(117,45): error TS2339: Property 'select' does not exist on type 'number'.
src/pages/message/Share2Friend.vue(118,42): error TS2339: Property 'avatar' does not exist on type 'number'.
src/pages/message/Share2Friend.vue(119,27): error TS2339: Property 'name' does not exist on type 'number'.
[ELIFECYCLE] Command failed with exit code 2.
exit_code=2
finished_at=2026-08-30T16:53:36+08:00
