$ bun run check
started_at=2026-08-30T19:04:17+08:00
$ run-s format:check lint type-check test:unit:run build-only
$ prettier --check --experimental-cli .
Checking formatting...
All matched files use Prettier code style!
$ run-s lint:oxlint lint:eslint
$ oxlint .
$ eslint .
$ vue-tsc --build
$ vitest run

 RUN  v4.1.11 /home/pax/Project/github/douyin


 Test Files  7 passed (7)
      Tests  19 passed (19)
   Start at  19:04:25
   Duration  2.77s (transform 887ms, setup 0ms, import 1.82s, tests 194ms, environment 13.43s)

$ vite build
vite v8.2.2 building client environment for production...
transforming...
✓ 46 modules transformed.
rendering chunks...
computing gzip size...
dist/index.html                                    0.74 kB │ gzip:  0.46 kB
dist/assets/shop-BXnvyJNQ.css                      3.82 kB │ gzip:  1.22 kB
dist/assets/index-BUJx-KGV.css                     4.16 kB │ gzip:  1.56 kB
dist/assets/NotFoundView-s9YM3_Kr.js               0.66 kB │ gzip:  0.53 kB
dist/assets/HealthView-GkYce0_w.js                 1.14 kB │ gzip:  0.66 kB
dist/assets/ShopListView-BEV8Uoqi.js               2.33 kB │ gzip:  1.34 kB
dist/assets/MigrationHomeView-CqS9lgrQ.js          2.44 kB │ gzip:  1.48 kB
dist/assets/ShopDetailView-Cf8jRD-5.js             3.23 kB │ gzip:  1.58 kB
dist/assets/shop-D5Un5wVg.js                       5.10 kB │ gzip:  2.46 kB
dist/assets/index-BK2gGU64.js                     39.69 kB │ gzip: 16.21 kB
dist/assets/runtime-core.esm-bundler-Bjgv0ha5.js  56.19 kB │ gzip: 21.98 kB

✓ built in 293ms
exit_code=0
finished_at=2026-08-30T19:04:28+08:00
