$ bun run check
started_at=2026-08-30T19:24:10+08:00
$ run-s format:check lint type-check test:unit:run build-only
$ prettier --check --experimental-cli .
Checking formatting...
All matched files use Prettier code style!
$ run-s lint:oxlint lint:eslint
$ oxlint .
$ eslint .
$ vue-tsc --build
$ vitest run

 RUN  v4.1.11 /home/pax/Project/github/douyin


 Test Files  7 passed (7)
      Tests  21 passed (21)
   Start at  19:24:17
   Duration  2.35s (transform 1.15s, setup 0ms, import 2.37s, tests 246ms, environment 10.26s)

$ vite build
vite v8.2.2 building client environment for production...
transforming...
✓ 46 modules transformed.
rendering chunks...
computing gzip size...
dist/index.html                                    0.74 kB │ gzip:  0.46 kB
dist/assets/shop-BXnvyJNQ.css                      3.82 kB │ gzip:  1.22 kB
dist/assets/index-BUJx-KGV.css                     4.16 kB │ gzip:  1.56 kB
dist/assets/NotFoundView-r1ugrJaM.js               0.66 kB │ gzip:  0.53 kB
dist/assets/HealthView-GkYce0_w.js                 1.14 kB │ gzip:  0.66 kB
dist/assets/ShopListView-Bt3jf5OU.js               2.32 kB │ gzip:  1.33 kB
dist/assets/MigrationHomeView-Bgc_B31I.js          2.44 kB │ gzip:  1.47 kB
dist/assets/ShopDetailView-BtbbpL84.js             3.22 kB │ gzip:  1.57 kB
dist/assets/shop-dVOJ-esW.js                       5.25 kB │ gzip:  2.55 kB
dist/assets/index-hdX0pjaJ.js                     39.69 kB │ gzip: 16.20 kB
dist/assets/runtime-core.esm-bundler-Bjgv0ha5.js  56.19 kB │ gzip: 21.98 kB

✓ built in 278ms
exit_code=0
finished_at=2026-08-30T19:24:20+08:00
