$ CI=true VITE_BUILD_SHA=round2test bun run test:e2e
started_at=2026-08-30T19:24:34+08:00
$ playwright test
[WebServer] $ vite build
[WebServer] (node:2131169) Warning: The 'NO_COLOR' env is ignored due to the 'FORCE_COLOR' env being set.
[WebServer] (Use `node --trace-warnings ...` to show where the warning was created)
[WebServer] $ vite preview --host "127.0.0.1" --port "4173" --strictPort
[WebServer] (node:2131221) Warning: The 'NO_COLOR' env is ignored due to the 'FORCE_COLOR' env being set.
[WebServer] (Use `node --trace-warnings ...` to show where the warning was created)

Running 7 tests using 1 worker

(node:2131268) Warning: The 'NO_COLOR' env is ignored due to the 'FORCE_COLOR' env being set.
(Use `node --trace-warnings ...` to show where the warning was created)
  ✓  1 [chromium] › e2e/vue.spec.ts:12:1 › shows the migration baseline at the root route (541ms)
  ✓  2 [chromium] › e2e/vue.spec.ts:18:1 › exposes a production health route (418ms)
  ✓  3 [chromium] › e2e/vue.spec.ts:26:1 › renders an explicit not-found route (392ms)
  ✓  4 [chromium] › e2e/vue.spec.ts:32:1 › navigates from the typed Shop list to a stable detail URL (736ms)
  ✓  5 [chromium] › e2e/vue.spec.ts:58:1 › loads and reloads a Shop detail deep link without routeData (639ms)
  ✓  6 [chromium] › e2e/vue.spec.ts:82:1 › distinguishes an invalid product ID from runtime failure (359ms)
  ✓  7 [chromium] › e2e/vue.spec.ts:90:1 › redirects the legacy detail path that has no product ID (481ms)

  7 passed (6.3s)
exit_code=0
finished_at=2026-08-30T19:24:41+08:00
