$ bun run test:e2e
started_at=2026-08-30T19:24:25+08:00
$ playwright test
[WebServer] $ vite build
[WebServer] (node:2130549) Warning: The 'NO_COLOR' env is ignored due to the 'FORCE_COLOR' env being set.
[WebServer] (Use `node --trace-warnings ...` to show where the warning was created)
[WebServer] $ vite preview --host "127.0.0.1" --port "4173" --strictPort
[WebServer] (node:2130604) Warning: The 'NO_COLOR' env is ignored due to the 'FORCE_COLOR' env being set.
[WebServer] (Use `node --trace-warnings ...` to show where the warning was created)

Running 7 tests using 1 worker

(node:2130664) Warning: The 'NO_COLOR' env is ignored due to the 'FORCE_COLOR' env being set.
(Use `node --trace-warnings ...` to show where the warning was created)
  ✓  1 [chromium] › e2e/vue.spec.ts:12:1 › shows the migration baseline at the root route (1.0s)
  ✓  2 [chromium] › e2e/vue.spec.ts:18:1 › exposes a production health route (538ms)
  ✓  3 [chromium] › e2e/vue.spec.ts:26:1 › renders an explicit not-found route (506ms)
  ✓  4 [chromium] › e2e/vue.spec.ts:32:1 › navigates from the typed Shop list to a stable detail URL (783ms)
  ✓  5 [chromium] › e2e/vue.spec.ts:58:1 › loads and reloads a Shop detail deep link without routeData (878ms)
  ✓  6 [chromium] › e2e/vue.spec.ts:82:1 › distinguishes an invalid product ID from runtime failure (508ms)
  ✓  7 [chromium] › e2e/vue.spec.ts:90:1 › redirects the legacy detail path that has no product ID (747ms)

  7 passed (8.2s)
exit_code=0
finished_at=2026-08-30T19:24:34+08:00
