$ clean temp directory: bun install --frozen-lockfile
started_at=2026-08-30T18:03:42+08:00
bun install v1.4.0 (34cbb9a40)

+ @playwright/test@1.62.1
+ @tsconfig/node24@24.0.5
+ @types/jsdom@28.0.3
+ @types/node@24.13.3
+ @vitejs/plugin-vue@6.0.8
+ @vitest/eslint-plugin@1.6.27
+ @vue/eslint-config-typescript@14.9.0
+ @vue/test-utils@2.5.0
+ @vue/tsconfig@0.9.1
+ eslint@10.9.1
+ eslint-config-prettier@10.1.8
+ eslint-plugin-oxlint@1.80.0
+ eslint-plugin-playwright@2.11.0
+ eslint-plugin-vue@10.10.0
+ jiti@2.7.0
+ jsdom@29.1.1
+ npm-run-all2@9.0.3
+ oxlint@1.80.0
+ prettier@3.9.6
+ typescript@6.0.3
+ vite@8.2.2
+ vitest@4.1.11
+ vue-eslint-parser@10.4.1
+ vue-tsc@3.3.11
+ pinia@4.0.3
+ vue@3.5.42
+ vue-router@5.3.0

297 packages installed [841.00ms]
installed_node_modules=true
package_json_unchanged=true
bun_lock_unchanged=true
exit_code=0
finished_at=2026-08-30T18:03:43+08:00
temp_path=/tmp/douyin-round1-clean-install.4gUuHb
