$ bun run check
started_at=2026-08-30T18:04:20+08:00
$ run-s format:check lint type-check test:unit:run build-only
$ prettier --check --experimental-cli .
Checking formatting...
All matched files use Prettier code style!
$ run-s lint:oxlint lint:eslint
$ oxlint .
$ eslint .
$ vue-tsc --build
$ vitest run

 RUN  v4.1.11 /home/pax/Project/github/douyin


 Test Files  3 passed (3)
      Tests  4 passed (4)
   Start at  18:04:30
   Duration  1.64s (transform 249ms, setup 0ms, import 516ms, tests 45ms, environment 3.46s)

$ vite build
vite v8.2.2 building client environment for production...
transforming...
✓ 33 modules transformed.
rendering chunks...
computing gzip size...
dist/index.html                             0.64 kB │ gzip:  0.42 kB
dist/assets/index-BUJx-KGV.css              4.16 kB │ gzip:  1.56 kB
dist/assets/NotFoundView-DsbH6e7M.js        0.62 kB │ gzip:  0.50 kB
dist/assets/HealthView-DtNRCxby.js          1.13 kB │ gzip:  0.65 kB
dist/assets/MigrationHomeView-LtciA-hA.js   2.21 kB │ gzip:  1.37 kB
dist/assets/index-DtsAmyU3.js              93.35 kB │ gzip: 36.59 kB

✓ built in 264ms
exit_code=0
finished_at=2026-08-30T18:04:32+08:00
